MPLINK 5.08, LINKER
Linker Map File - Created Thu Apr 27 21:47:24 2023

                                 Section Info
                  Section       Type    Address   Location Size(Bytes)
                ---------  ---------  ---------  ---------  ---------
             RESET_VECTOR       code   0x000000    program   0x000002
                   .cinit    romdata   0x000001    program   0x000004
                      ISR       code   0x000004    program   0x000010
             MAIN_PROGRAM       code   0x00000c    program   0x00002a
.config_2007_BUILD/DEFAULT/DEBUG/_EXT/6371178       code   0x002007    program   0x000002



                              Program Memory Usage 
                               Start         End      
                           ---------   ---------      
                            0x000000    0x000002      
                            0x000004    0x000020      
                            0x002007    0x002007      
            33 out of 1094 program addresses used, program memory utilization is 3%



                              Symbols - Sorted by Name
                     Name    Address   Location    Storage File                     
                ---------  ---------  ---------  --------- ---------                
                Interrupt   0x000004    program     static ..\..\OneDrive\Desktop\partd.ASM
                      fin   0x000020    program     static ..\..\OneDrive\Desktop\partd.ASM
                    loop1   0x000011    program     static ..\..\OneDrive\Desktop\partd.ASM
                    loop2   0x00001b    program     static ..\..\OneDrive\Desktop\partd.ASM
                    start   0x00000c    program     static ..\..\OneDrive\Desktop\partd.ASM



                              Symbols - Sorted by Address
                     Name    Address   Location    Storage File                     
                ---------  ---------  ---------  --------- ---------                
                Interrupt   0x000004    program     static ..\..\OneDrive\Desktop\partd.ASM
                    start   0x00000c    program     static ..\..\OneDrive\Desktop\partd.ASM
                    loop1   0x000011    program     static ..\..\OneDrive\Desktop\partd.ASM
                    loop2   0x00001b    program     static ..\..\OneDrive\Desktop\partd.ASM
                      fin   0x000020    program     static ..\..\OneDrive\Desktop\partd.ASM


