MPLINK 5.08, LINKER
Linker Map File - Created Thu Apr 27 20:58:45 2023

                                 Section Info
                  Section       Type    Address   Location Size(Bytes)
                ---------  ---------  ---------  ---------  ---------
             RESET_VECTOR       code   0x000000    program   0x000002
                   .cinit    romdata   0x000001    program   0x000004
                      ISR       code   0x000004    program   0x000010
             MAIN_PROGRAM       code   0x00000c    program   0x00001e
.config_2007_BUILD/DEFAULT/PRODUCTION/_EXT/63       code   0x002007    program   0x000002



                              Program Memory Usage 
                               Start         End      
                           ---------   ---------      
                            0x000000    0x000002      
                            0x000004    0x00001a      
                            0x002007    0x002007      
            27 out of 1094 program addresses used, program memory utilization is 2%



                              Symbols - Sorted by Name
                     Name    Address   Location    Storage File                     
                ---------  ---------  ---------  --------- ---------                
                Interrupt   0x000004    program     static ..\..\OneDrive\Desktop\partc.ASM
                      fin   0x00001a    program     static ..\..\OneDrive\Desktop\partc.ASM
                    loop1   0x00000f    program     static ..\..\OneDrive\Desktop\partc.ASM
                    loop2   0x000015    program     static ..\..\OneDrive\Desktop\partc.ASM
                    start   0x00000c    program     static ..\..\OneDrive\Desktop\partc.ASM



                              Symbols - Sorted by Address
                     Name    Address   Location    Storage File                     
                ---------  ---------  ---------  --------- ---------                
                Interrupt   0x000004    program     static ..\..\OneDrive\Desktop\partc.ASM
                    start   0x00000c    program     static ..\..\OneDrive\Desktop\partc.ASM
                    loop1   0x00000f    program     static ..\..\OneDrive\Desktop\partc.ASM
                    loop2   0x000015    program     static ..\..\OneDrive\Desktop\partc.ASM
                      fin   0x00001a    program     static ..\..\OneDrive\Desktop\partc.ASM


